***********************************************************************************************
***                                                                                         ***
***                                    LINK INFORMATION                                     ***
***                                                                                         ***
***********************************************************************************************

Linker version:

  SEGGER ARM Linker 4.34.1 compiled May  6 2022 02:04:02
  Copyright (c) 2017-2022 SEGGER Microcontroller GmbH    www.segger.com


***********************************************************************************************
***                                                                                         ***
***                                     MODULE SUMMARY                                      ***
***                                                                                         ***
***********************************************************************************************

Memory use by input file:

  Object File                                       RX Code     RO Data     RW Data     ZI Data
  ---------------------------------------------  ----------  ----------  ----------  ----------
  nrf52833_Vectors.o                                    348                                    
  nRF_Startup.o                                          64                                    
  Right.o                                               846                       6           6
  SEGGER_crtinit_v7em_little.o                           70                                    
  SEGGER_THUMB_Startup.o                                 20                                    
  system_nrf52.o                                        900                       4            
  ---------------------------------------------  ----------  ----------  ----------  ----------
  Subtotal (6 objects)                                2 248                      10           6
  ---------------------------------------------  ----------  ----------  ----------  ----------
  Linker created (shared data, fills, blocks):                       46                   2 048
  =============================================  ==========  ==========  ==========  ==========
  Total:                                              2 248          46          10       2 054
  =============================================  ==========  ==========  ==========  ==========

Memory use by archive member:

Memory use by linker:

  Description                                       RX Code     RO Data     RW Data     ZI Data
  ---------------------------------------------  ----------  ----------  ----------  ----------
  Initialization table                                               46                        
  Memory for block 'stack'                                                                2 048
  ---------------------------------------------  ----------  ----------  ----------  ----------
  Subtotal (linker created):                                         46                   2 048
  ---------------------------------------------  ----------  ----------  ----------  ----------
  Objects (6 files)                                   2 248                      10           6
  =============================================  ==========  ==========  ==========  ==========
  Total:                                              2 248          46          10       2 054
  =============================================  ==========  ==========  ==========  ==========


***********************************************************************************************
***                                                                                         ***
***                                     SECTION DETAIL                                      ***
***                                                                                         ***
***********************************************************************************************

Sections by address:

  Range              Symbol or [section] Name         Size  Al  Init  Ac  Object File
  -----------------  -------------------------  ----------  --  ----  --  -----------
  00000000-000000ff  _vectors                          256  256
                                                                Code  RX  nrf52833_Vectors.o
  00000100-00000127  HardFault_Handler                  40   4  Code  RX  nRF_Startup.o
  00000128-0000013b  _start                             20   4  Code  RX  SEGGER_THUMB_Startup.o
  0000013c-00000305  SystemInit                        458   2  Code  RX  system_nrf52.o
  00000306-00000367  nrf52_errata_36                    98   2  Code  RX  system_nrf52.o
  00000368-000003c9  nrf52_errata_66                    98   2  Code  RX  system_nrf52.o
  000003ca-0000042b  nrf52_errata_136                   98   2  Code  RX  system_nrf52.o
  0000042c-00000449  nrf52_handle_approtect             30   2  Code  RX  system_nrf52.o
  0000044a-000004ab  nrf52_configuration_249            98   2  Code  RX  system_nrf52.o
  000004ac-000005d9  main                              302   2  Code  RX  Right.o
  000005da-00000603  led_off                            42   2  Code  RX  Right.o
  00000604-00000645  led_on                             66   2  Code  RX  Right.o
  00000646-00000657  delay                              18   2  Code  RX  Right.o
  00000658-000006dd  radio_recv                        134   2  Code  RX  Right.o
  000006de-000006df  NMI_Handler                         2   2  Code  RX  nrf52833_Vectors.o
  000006e0-000006e1  SVC_Handler                         2   2  Code  RX  nrf52833_Vectors.o
  000006e2-000006e3  PendSV_Handler                      2   2  Code  RX  nrf52833_Vectors.o
  000006e4-000006e5  SysTick_Handler                     2   2  Code  RX  nrf52833_Vectors.o
  000006e6-000006e7  POWER_CLOCK_IRQHandler              2   2  Code  RX  nrf52833_Vectors.o
  000006e8-000006e9  RADIO_IRQHandler                    2   2  Code  RX  nrf52833_Vectors.o
  000006ea-000006eb  UARTE0_UART0_IRQHandler             2   2  Code  RX  nrf52833_Vectors.o
  000006ec-000006ed  SPIM0_SPIS0_TWIM0_TWIS0_SPI0_TWI0_IRQHandler
                                                         2   2  Code  RX  nrf52833_Vectors.o
  000006ee-000006ef  SPIM1_SPIS1_TWIM1_TWIS1_SPI1_TWI1_IRQHandler
                                                         2   2  Code  RX  nrf52833_Vectors.o
  000006f0-000006f1  NFCT_IRQHandler                     2   2  Code  RX  nrf52833_Vectors.o
  000006f2-000006f3  GPIOTE_IRQHandler                   2   2  Code  RX  nrf52833_Vectors.o
  000006f4-000006f5  SAADC_IRQHandler                    2   2  Code  RX  nrf52833_Vectors.o
  000006f6-000006f7  TIMER0_IRQHandler                   2   2  Code  RX  nrf52833_Vectors.o
  000006f8-000006f9  TIMER1_IRQHandler                   2   2  Code  RX  nrf52833_Vectors.o
  000006fa-000006fb  TIMER2_IRQHandler                   2   2  Code  RX  nrf52833_Vectors.o
  000006fc-000006fd  RTC0_IRQHandler                     2   2  Code  RX  nrf52833_Vectors.o
  000006fe-000006ff  TEMP_IRQHandler                     2   2  Code  RX  nrf52833_Vectors.o
  00000700-00000701  RNG_IRQHandler                      2   2  Code  RX  nrf52833_Vectors.o
  00000702-00000703  ECB_IRQHandler                      2   2  Code  RX  nrf52833_Vectors.o
  00000704-00000705  CCM_AAR_IRQHandler                  2   2  Code  RX  nrf52833_Vectors.o
  00000706-00000707  WDT_IRQHandler                      2   2  Code  RX  nrf52833_Vectors.o
  00000708-00000709  RTC1_IRQHandler                     2   2  Code  RX  nrf52833_Vectors.o
  0000070a-0000070b  QDEC_IRQHandler                     2   2  Code  RX  nrf52833_Vectors.o
  0000070c-0000070d  COMP_LPCOMP_IRQHandler              2   2  Code  RX  nrf52833_Vectors.o
  0000070e-0000070f  SWI0_EGU0_IRQHandler                2   2  Code  RX  nrf52833_Vectors.o
  00000710-00000711  SWI1_EGU1_IRQHandler                2   2  Code  RX  nrf52833_Vectors.o
  00000712-00000713  SWI2_EGU2_IRQHandler                2   2  Code  RX  nrf52833_Vectors.o
  00000714-00000715  SWI3_EGU3_IRQHandler                2   2  Code  RX  nrf52833_Vectors.o
  00000716-00000717  SWI4_EGU4_IRQHandler                2   2  Code  RX  nrf52833_Vectors.o
  00000718-00000719  SWI5_EGU5_IRQHandler                2   2  Code  RX  nrf52833_Vectors.o
  0000071a-0000071b  TIMER3_IRQHandler                   2   2  Code  RX  nrf52833_Vectors.o
  0000071c-0000071d  TIMER4_IRQHandler                   2   2  Code  RX  nrf52833_Vectors.o
  0000071e-0000071f  PWM0_IRQHandler                     2   2  Code  RX  nrf52833_Vectors.o
  00000720-00000721  PDM_IRQHandler                      2   2  Code  RX  nrf52833_Vectors.o
  00000722-00000723  MWU_IRQHandler                      2   2  Code  RX  nrf52833_Vectors.o
  00000724-00000725  PWM1_IRQHandler                     2   2  Code  RX  nrf52833_Vectors.o
  00000726-00000727  PWM2_IRQHandler                     2   2  Code  RX  nrf52833_Vectors.o
  00000728-00000729  SPIM2_SPIS2_SPI2_IRQHandler
                                                         2   2  Code  RX  nrf52833_Vectors.o
  0000072a-0000072b  RTC2_IRQHandler                     2   2  Code  RX  nrf52833_Vectors.o
  0000072c-0000072d  I2S_IRQHandler                      2   2  Code  RX  nrf52833_Vectors.o
  0000072e-0000072f  FPU_IRQHandler                      2   2  Code  RX  nrf52833_Vectors.o
  00000730-00000731  USBD_IRQHandler                     2   2  Code  RX  nrf52833_Vectors.o
  00000732-00000733  UARTE1_IRQHandler                   2   2  Code  RX  nrf52833_Vectors.o
  00000734-00000735  PWM3_IRQHandler                     2   2  Code  RX  nrf52833_Vectors.o
  00000736-00000737  SPIM3_IRQHandler                    2   2  Code  RX  nrf52833_Vectors.o
  00000738-00000739  Dummy_Handler                       2   2  Code  RX  nrf52833_Vectors.o
  0000073a-0000074d  SystemCoreClockUpdate              20   2  Code  RX  system_nrf52.o
  0000074e-00000765  clock_init                         24   2  Code  RX  Right.o
  00000766-00000835  radio_init                        208   2  Code  RX  Right.o
  00000836-00000869  radio_send                         52   2  Code  RX  Right.o
  0000086a-00000881  reset_handler                      24   2  Code  RX  nRF_Startup.o
  00000882-00000883  ( UNUSED .=.+2 )                    2   -  ----  -   -
  00000884-00000887  [.init_array]                       4   4  ----  --  nRF_Startup.o
  00000888-000008a7  __SEGGER_init_ctors                32   4  Code  RX  SEGGER_crtinit_v7em_little.o
  000008a8-000008cb  __SEGGER_init_table__              36   4  Cnst  RO  [ Linker created ]
  000008cc-000008d5  __SEGGER_init_data__               10   4  Cnst  RO  [ Linker created ]
  000008d6-000008e7  __SEGGER_init_zero                 18   2  Code  RX  SEGGER_crtinit_v7em_little.o
  000008e8-000008fb  __SEGGER_init_copy                 20   2  Code  RX  SEGGER_crtinit_v7em_little.o
  000008fc-1fffffff  ( UNUSED .=.+536868612 )   536 868 612
                                                             -  ----  -   -
  20000000-20000005  pdu                                 6   1  Zero  ZI  Right.o
  20000006-20000007  ( UNUSED .=.+2 )                    2   -  ----  -   -
  20000008-2000000b  SystemCoreClock                     4   4  Init  RW  system_nrf52.o
  2000000c-20000011  tx_pdu                              6   1  Init  RW  Right.o
  20000012-2001f7ff  ( UNUSED .=.+129006 )         129 006   -  ----  -   -
  2001f800-2001ffff  [.bss.block.stack]              2 048   8  None  ZI  [ Linker created ]


***********************************************************************************************
***                                                                                         ***
***                                       SYMBOL LIST                                       ***
***                                                                                         ***
***********************************************************************************************

Function symbols by name:

  Symbol name                   Address        Size  Align  Type  Bd  Object File
  -------------------------  ----------  ----------  -----  ----  --  -----------
  CCM_AAR_IRQHandler         0x00000705                  2  Code  Wk  nrf52833_Vectors.o
  COMP_LPCOMP_IRQHandler     0x0000070D                  2  Code  Wk  nrf52833_Vectors.o
  Dummy_Handler              0x00000739                  2  Code  Wk  nrf52833_Vectors.o
  ECB_IRQHandler             0x00000703                  2  Code  Wk  nrf52833_Vectors.o
  FPU_IRQHandler             0x0000072F                  2  Code  Wk  nrf52833_Vectors.o
  GPIOTE_IRQHandler          0x000006F3                  2  Code  Wk  nrf52833_Vectors.o
  HardFault_Handler          0x00000101                  4  Code  Wk  nRF_Startup.o
  I2S_IRQHandler             0x0000072D                  2  Code  Wk  nrf52833_Vectors.o
  MWU_IRQHandler             0x00000723                  2  Code  Wk  nrf52833_Vectors.o
  NFCT_IRQHandler            0x000006F1                  2  Code  Wk  nrf52833_Vectors.o
  NMI_Handler                0x000006DF                  2  Code  Wk  nrf52833_Vectors.o
  PDM_IRQHandler             0x00000721                  2  Code  Wk  nrf52833_Vectors.o
  POWER_CLOCK_IRQHandler     0x000006E7                  2  Code  Wk  nrf52833_Vectors.o
  PWM0_IRQHandler            0x0000071F                  2  Code  Wk  nrf52833_Vectors.o
  PWM1_IRQHandler            0x00000725                  2  Code  Wk  nrf52833_Vectors.o
  PWM2_IRQHandler            0x00000727                  2  Code  Wk  nrf52833_Vectors.o
  PWM3_IRQHandler            0x00000735                  2  Code  Wk  nrf52833_Vectors.o
  PendSV_Handler             0x000006E3                  2  Code  Wk  nrf52833_Vectors.o
  QDEC_IRQHandler            0x0000070B                  2  Code  Wk  nrf52833_Vectors.o
  RADIO_IRQHandler           0x000006E9                  2  Code  Wk  nrf52833_Vectors.o
  RNG_IRQHandler             0x00000701                  2  Code  Wk  nrf52833_Vectors.o
  RTC0_IRQHandler            0x000006FD                  2  Code  Wk  nrf52833_Vectors.o
  RTC1_IRQHandler            0x00000709                  2  Code  Wk  nrf52833_Vectors.o
  RTC2_IRQHandler            0x0000072B                  2  Code  Wk  nrf52833_Vectors.o
  Reset_Handler              0x0000086B                  2  Code  Gb  nRF_Startup.o
  SAADC_IRQHandler           0x000006F5                  2  Code  Wk  nrf52833_Vectors.o
  SPIM0_SPIS0_TWIM0_TWIS0_SPI0_TWI0_IRQHandler
                             0x000006ED                  2  Code  Wk  nrf52833_Vectors.o
  SPIM1_SPIS1_TWIM1_TWIS1_SPI1_TWI1_IRQHandler
                             0x000006EF                  2  Code  Wk  nrf52833_Vectors.o
  SPIM2_SPIS2_SPI2_IRQHandler
                             0x00000729                  2  Code  Wk  nrf52833_Vectors.o
  SPIM3_IRQHandler           0x00000737                  2  Code  Wk  nrf52833_Vectors.o
  SVC_Handler                0x000006E1                  2  Code  Wk  nrf52833_Vectors.o
  SWI0_EGU0_IRQHandler       0x0000070F                  2  Code  Wk  nrf52833_Vectors.o
  SWI1_EGU1_IRQHandler       0x00000711                  2  Code  Wk  nrf52833_Vectors.o
  SWI2_EGU2_IRQHandler       0x00000713                  2  Code  Wk  nrf52833_Vectors.o
  SWI3_EGU3_IRQHandler       0x00000715                  2  Code  Wk  nrf52833_Vectors.o
  SWI4_EGU4_IRQHandler       0x00000717                  2  Code  Wk  nrf52833_Vectors.o
  SWI5_EGU5_IRQHandler       0x00000719                  2  Code  Wk  nrf52833_Vectors.o
  SysTick_Handler            0x000006E5                  2  Code  Wk  nrf52833_Vectors.o
  SystemCoreClockUpdate      0x0000073B          20      2  Code  Gb  system_nrf52.o
  SystemInit                 0x0000013D         458      2  Code  Gb  system_nrf52.o
  TEMP_IRQHandler            0x000006FF                  2  Code  Wk  nrf52833_Vectors.o
  TIMER0_IRQHandler          0x000006F7                  2  Code  Wk  nrf52833_Vectors.o
  TIMER1_IRQHandler          0x000006F9                  2  Code  Wk  nrf52833_Vectors.o
  TIMER2_IRQHandler          0x000006FB                  2  Code  Wk  nrf52833_Vectors.o
  TIMER3_IRQHandler          0x0000071B                  2  Code  Wk  nrf52833_Vectors.o
  TIMER4_IRQHandler          0x0000071D                  2  Code  Wk  nrf52833_Vectors.o
  UARTE0_UART0_IRQHandler    0x000006EB                  2  Code  Wk  nrf52833_Vectors.o
  UARTE1_IRQHandler          0x00000733                  2  Code  Wk  nrf52833_Vectors.o
  USBD_IRQHandler            0x00000731                  2  Code  Wk  nrf52833_Vectors.o
  WDT_IRQHandler             0x00000707                  2  Code  Wk  nrf52833_Vectors.o
  __SEGGER_init_copy         0x000008E9          20      2  Code  Wk  SEGGER_crtinit_v7em_little.o
  __SEGGER_init_ctors        0x00000889          24      4  Code  Wk  SEGGER_crtinit_v7em_little.o
  __SEGGER_init_done         0x00000133                  4  Code  Gb  SEGGER_THUMB_Startup.o
  __SEGGER_init_zero         0x000008D7          18      2  Code  Wk  SEGGER_crtinit_v7em_little.o
  __startup_complete         0x00000133                  4  Code  Gb  SEGGER_THUMB_Startup.o
  _start                     0x00000129          14      4  Code  Gb  SEGGER_THUMB_Startup.o
  clock_init                 0x0000074F          24      2  Code  Lc  Right.o
  delay                      0x00000647          18      2  Code  Lc  Right.o
  exit                       0x00000137           2      4  Code  Gb  SEGGER_THUMB_Startup.o
  led_off                    0x000005DB          42      2  Code  Lc  Right.o
  led_on                     0x00000605          66      2  Code  Lc  Right.o
  main                       0x000004AD         302      2  Code  Gb  Right.o
  nrf52_configuration_249    0x0000044B          98      2  Code  Lc  system_nrf52.o
  nrf52_errata_136           0x000003CB          98      2  Code  Lc  system_nrf52.o
  nrf52_errata_36            0x00000307          98      2  Code  Lc  system_nrf52.o
  nrf52_errata_66            0x00000369          98      2  Code  Lc  system_nrf52.o
  nrf52_handle_approtect     0x0000042D          30      2  Code  Lc  system_nrf52.o
  radio_init                 0x00000767         208      2  Code  Lc  Right.o
  radio_recv                 0x00000659         134      2  Code  Lc  Right.o
  radio_send                 0x00000837          52      2  Code  Lc  Right.o
  reset_handler              0x0000086B                  2  Code  Gb  nRF_Startup.o

Function symbols by address:

     Address  Symbol name                      Size  Align  Type  Bd  Object File
  ----------  -------------------------  ----------  -----  ----  --  -----------
  0x00000101  HardFault_Handler                          4  Code  Wk  nRF_Startup.o
  0x00000129  _start                             14      4  Code  Gb  SEGGER_THUMB_Startup.o
  0x00000133  __startup_complete                         4  Code  Gb  SEGGER_THUMB_Startup.o
  0x00000133  __SEGGER_init_done                         4  Code  Gb  SEGGER_THUMB_Startup.o
  0x00000137  exit                                2      4  Code  Gb  SEGGER_THUMB_Startup.o
  0x0000013D  SystemInit                        458      2  Code  Gb  system_nrf52.o
  0x00000307  nrf52_errata_36                    98      2  Code  Lc  system_nrf52.o
  0x00000369  nrf52_errata_66                    98      2  Code  Lc  system_nrf52.o
  0x000003CB  nrf52_errata_136                   98      2  Code  Lc  system_nrf52.o
  0x0000042D  nrf52_handle_approtect             30      2  Code  Lc  system_nrf52.o
  0x0000044B  nrf52_configuration_249            98      2  Code  Lc  system_nrf52.o
  0x000004AD  main                              302      2  Code  Gb  Right.o
  0x000005DB  led_off                            42      2  Code  Lc  Right.o
  0x00000605  led_on                             66      2  Code  Lc  Right.o
  0x00000647  delay                              18      2  Code  Lc  Right.o
  0x00000659  radio_recv                        134      2  Code  Lc  Right.o
  0x000006DF  NMI_Handler                                2  Code  Wk  nrf52833_Vectors.o
  0x000006E1  SVC_Handler                                2  Code  Wk  nrf52833_Vectors.o
  0x000006E3  PendSV_Handler                             2  Code  Wk  nrf52833_Vectors.o
  0x000006E5  SysTick_Handler                            2  Code  Wk  nrf52833_Vectors.o
  0x000006E7  POWER_CLOCK_IRQHandler                     2  Code  Wk  nrf52833_Vectors.o
  0x000006E9  RADIO_IRQHandler                           2  Code  Wk  nrf52833_Vectors.o
  0x000006EB  UARTE0_UART0_IRQHandler                    2  Code  Wk  nrf52833_Vectors.o
  0x000006ED  SPIM0_SPIS0_TWIM0_TWIS0_SPI0_TWI0_IRQHandler
                                                         2  Code  Wk  nrf52833_Vectors.o
  0x000006EF  SPIM1_SPIS1_TWIM1_TWIS1_SPI1_TWI1_IRQHandler
                                                         2  Code  Wk  nrf52833_Vectors.o
  0x000006F1  NFCT_IRQHandler                            2  Code  Wk  nrf52833_Vectors.o
  0x000006F3  GPIOTE_IRQHandler                          2  Code  Wk  nrf52833_Vectors.o
  0x000006F5  SAADC_IRQHandler                           2  Code  Wk  nrf52833_Vectors.o
  0x000006F7  TIMER0_IRQHandler                          2  Code  Wk  nrf52833_Vectors.o
  0x000006F9  TIMER1_IRQHandler                          2  Code  Wk  nrf52833_Vectors.o
  0x000006FB  TIMER2_IRQHandler                          2  Code  Wk  nrf52833_Vectors.o
  0x000006FD  RTC0_IRQHandler                            2  Code  Wk  nrf52833_Vectors.o
  0x000006FF  TEMP_IRQHandler                            2  Code  Wk  nrf52833_Vectors.o
  0x00000701  RNG_IRQHandler                             2  Code  Wk  nrf52833_Vectors.o
  0x00000703  ECB_IRQHandler                             2  Code  Wk  nrf52833_Vectors.o
  0x00000705  CCM_AAR_IRQHandler                         2  Code  Wk  nrf52833_Vectors.o
  0x00000707  WDT_IRQHandler                             2  Code  Wk  nrf52833_Vectors.o
  0x00000709  RTC1_IRQHandler                            2  Code  Wk  nrf52833_Vectors.o
  0x0000070B  QDEC_IRQHandler                            2  Code  Wk  nrf52833_Vectors.o
  0x0000070D  COMP_LPCOMP_IRQHandler                     2  Code  Wk  nrf52833_Vectors.o
  0x0000070F  SWI0_EGU0_IRQHandler                       2  Code  Wk  nrf52833_Vectors.o
  0x00000711  SWI1_EGU1_IRQHandler                       2  Code  Wk  nrf52833_Vectors.o
  0x00000713  SWI2_EGU2_IRQHandler                       2  Code  Wk  nrf52833_Vectors.o
  0x00000715  SWI3_EGU3_IRQHandler                       2  Code  Wk  nrf52833_Vectors.o
  0x00000717  SWI4_EGU4_IRQHandler                       2  Code  Wk  nrf52833_Vectors.o
  0x00000719  SWI5_EGU5_IRQHandler                       2  Code  Wk  nrf52833_Vectors.o
  0x0000071B  TIMER3_IRQHandler                          2  Code  Wk  nrf52833_Vectors.o
  0x0000071D  TIMER4_IRQHandler                          2  Code  Wk  nrf52833_Vectors.o
  0x0000071F  PWM0_IRQHandler                            2  Code  Wk  nrf52833_Vectors.o
  0x00000721  PDM_IRQHandler                             2  Code  Wk  nrf52833_Vectors.o
  0x00000723  MWU_IRQHandler                             2  Code  Wk  nrf52833_Vectors.o
  0x00000725  PWM1_IRQHandler                            2  Code  Wk  nrf52833_Vectors.o
  0x00000727  PWM2_IRQHandler                            2  Code  Wk  nrf52833_Vectors.o
  0x00000729  SPIM2_SPIS2_SPI2_IRQHandler
                                                         2  Code  Wk  nrf52833_Vectors.o
  0x0000072B  RTC2_IRQHandler                            2  Code  Wk  nrf52833_Vectors.o
  0x0000072D  I2S_IRQHandler                             2  Code  Wk  nrf52833_Vectors.o
  0x0000072F  FPU_IRQHandler                             2  Code  Wk  nrf52833_Vectors.o
  0x00000731  USBD_IRQHandler                            2  Code  Wk  nrf52833_Vectors.o
  0x00000733  UARTE1_IRQHandler                          2  Code  Wk  nrf52833_Vectors.o
  0x00000735  PWM3_IRQHandler                            2  Code  Wk  nrf52833_Vectors.o
  0x00000737  SPIM3_IRQHandler                           2  Code  Wk  nrf52833_Vectors.o
  0x00000739  Dummy_Handler                              2  Code  Wk  nrf52833_Vectors.o
  0x0000073B  SystemCoreClockUpdate              20      2  Code  Gb  system_nrf52.o
  0x0000074F  clock_init                         24      2  Code  Lc  Right.o
  0x00000767  radio_init                        208      2  Code  Lc  Right.o
  0x00000837  radio_send                         52      2  Code  Lc  Right.o
  0x0000086B  reset_handler                              2  Code  Gb  nRF_Startup.o
  0x0000086B  Reset_Handler                              2  Code  Gb  nRF_Startup.o
  0x00000889  __SEGGER_init_ctors                24      4  Code  Wk  SEGGER_crtinit_v7em_little.o
  0x000008D7  __SEGGER_init_zero                 18      2  Code  Wk  SEGGER_crtinit_v7em_little.o
  0x000008E9  __SEGGER_init_copy                 20      2  Code  Wk  SEGGER_crtinit_v7em_little.o

Function symbols by descending size:

  Symbol name                      Size  Align  Type  Bd  Object File
  -------------------------  ----------  -----  ----  --  -----------
  SystemInit                        458      2  Code  Gb  system_nrf52.o
  main                              302      2  Code  Gb  Right.o
  radio_init                        208      2  Code  Lc  Right.o
  radio_recv                        134      2  Code  Lc  Right.o
  nrf52_configuration_249            98      2  Code  Lc  system_nrf52.o
  nrf52_errata_136                   98      2  Code  Lc  system_nrf52.o
  nrf52_errata_36                    98      2  Code  Lc  system_nrf52.o
  nrf52_errata_66                    98      2  Code  Lc  system_nrf52.o
  led_on                             66      2  Code  Lc  Right.o
  radio_send                         52      2  Code  Lc  Right.o
  led_off                            42      2  Code  Lc  Right.o
  nrf52_handle_approtect             30      2  Code  Lc  system_nrf52.o
  __SEGGER_init_ctors                24      4  Code  Wk  SEGGER_crtinit_v7em_little.o
  clock_init                         24      2  Code  Lc  Right.o
  SystemCoreClockUpdate              20      2  Code  Gb  system_nrf52.o
  __SEGGER_init_copy                 20      2  Code  Wk  SEGGER_crtinit_v7em_little.o
  __SEGGER_init_zero                 18      2  Code  Wk  SEGGER_crtinit_v7em_little.o
  delay                              18      2  Code  Lc  Right.o
  _start                             14      4  Code  Gb  SEGGER_THUMB_Startup.o
  exit                                2      4  Code  Gb  SEGGER_THUMB_Startup.o
  CCM_AAR_IRQHandler                         2  Code  Wk  nrf52833_Vectors.o
  COMP_LPCOMP_IRQHandler                     2  Code  Wk  nrf52833_Vectors.o
  Dummy_Handler                              2  Code  Wk  nrf52833_Vectors.o
  ECB_IRQHandler                             2  Code  Wk  nrf52833_Vectors.o
  FPU_IRQHandler                             2  Code  Wk  nrf52833_Vectors.o
  GPIOTE_IRQHandler                          2  Code  Wk  nrf52833_Vectors.o
  HardFault_Handler                          4  Code  Wk  nRF_Startup.o
  I2S_IRQHandler                             2  Code  Wk  nrf52833_Vectors.o
  MWU_IRQHandler                             2  Code  Wk  nrf52833_Vectors.o
  NFCT_IRQHandler                            2  Code  Wk  nrf52833_Vectors.o
  NMI_Handler                                2  Code  Wk  nrf52833_Vectors.o
  PDM_IRQHandler                             2  Code  Wk  nrf52833_Vectors.o
  POWER_CLOCK_IRQHandler                     2  Code  Wk  nrf52833_Vectors.o
  PWM0_IRQHandler                            2  Code  Wk  nrf52833_Vectors.o
  PWM1_IRQHandler                            2  Code  Wk  nrf52833_Vectors.o
  PWM2_IRQHandler                            2  Code  Wk  nrf52833_Vectors.o
  PWM3_IRQHandler                            2  Code  Wk  nrf52833_Vectors.o
  PendSV_Handler                             2  Code  Wk  nrf52833_Vectors.o
  QDEC_IRQHandler                            2  Code  Wk  nrf52833_Vectors.o
  RADIO_IRQHandler                           2  Code  Wk  nrf52833_Vectors.o
  RNG_IRQHandler                             2  Code  Wk  nrf52833_Vectors.o
  RTC0_IRQHandler                            2  Code  Wk  nrf52833_Vectors.o
  RTC1_IRQHandler                            2  Code  Wk  nrf52833_Vectors.o
  RTC2_IRQHandler                            2  Code  Wk  nrf52833_Vectors.o
  Reset_Handler                              2  Code  Gb  nRF_Startup.o
  SAADC_IRQHandler                           2  Code  Wk  nrf52833_Vectors.o
  SPIM0_SPIS0_TWIM0_TWIS0_SPI0_TWI0_IRQHandler
                                             2  Code  Wk  nrf52833_Vectors.o
  SPIM1_SPIS1_TWIM1_TWIS1_SPI1_TWI1_IRQHandler
                                             2  Code  Wk  nrf52833_Vectors.o
  SPIM2_SPIS2_SPI2_IRQHandler
                                             2  Code  Wk  nrf52833_Vectors.o
  SPIM3_IRQHandler                           2  Code  Wk  nrf52833_Vectors.o
  SVC_Handler                                2  Code  Wk  nrf52833_Vectors.o
  SWI0_EGU0_IRQHandler                       2  Code  Wk  nrf52833_Vectors.o
  SWI1_EGU1_IRQHandler                       2  Code  Wk  nrf52833_Vectors.o
  SWI2_EGU2_IRQHandler                       2  Code  Wk  nrf52833_Vectors.o
  SWI3_EGU3_IRQHandler                       2  Code  Wk  nrf52833_Vectors.o
  SWI4_EGU4_IRQHandler                       2  Code  Wk  nrf52833_Vectors.o
  SWI5_EGU5_IRQHandler                       2  Code  Wk  nrf52833_Vectors.o
  SysTick_Handler                            2  Code  Wk  nrf52833_Vectors.o
  TEMP_IRQHandler                            2  Code  Wk  nrf52833_Vectors.o
  TIMER0_IRQHandler                          2  Code  Wk  nrf52833_Vectors.o
  TIMER1_IRQHandler                          2  Code  Wk  nrf52833_Vectors.o
  TIMER2_IRQHandler                          2  Code  Wk  nrf52833_Vectors.o
  TIMER3_IRQHandler                          2  Code  Wk  nrf52833_Vectors.o
  TIMER4_IRQHandler                          2  Code  Wk  nrf52833_Vectors.o
  UARTE0_UART0_IRQHandler                    2  Code  Wk  nrf52833_Vectors.o
  UARTE1_IRQHandler                          2  Code  Wk  nrf52833_Vectors.o
  USBD_IRQHandler                            2  Code  Wk  nrf52833_Vectors.o
  WDT_IRQHandler                             2  Code  Wk  nrf52833_Vectors.o
  __SEGGER_init_done                         4  Code  Gb  SEGGER_THUMB_Startup.o
  __startup_complete                         4  Code  Gb  SEGGER_THUMB_Startup.o
  reset_handler                              2  Code  Gb  nRF_Startup.o

Read-write data symbols by name:

  Symbol name                   Address        Size  Align  Type  Bd  Object File
  -------------------------  ----------  ----------  -----  ----  --  -----------
  SystemCoreClock            0x20000008           4      4  Init  Gb  system_nrf52.o
  pdu                        0x20000000           6         Zero  Lc  Right.o
  tx_pdu                     0x2000000C           6         Init  Lc  Right.o

Read-write data symbols by address:

     Address  Symbol name                      Size  Align  Type  Bd  Object File
  ----------  -------------------------  ----------  -----  ----  --  -----------
  0x20000000  pdu                                 6         Zero  Lc  Right.o
  0x20000008  SystemCoreClock                     4      4  Init  Gb  system_nrf52.o
  0x2000000C  tx_pdu                              6         Init  Lc  Right.o

Read-write data symbols by descending size:

  Symbol name                      Size  Align  Type  Bd  Object File
  -------------------------  ----------  -----  ----  --  -----------
  pdu                                 6         Zero  Lc  Right.o
  tx_pdu                              6         Init  Lc  Right.o
  SystemCoreClock                     4      4  Init  Gb  system_nrf52.o

Read-only data symbols by name:

  Symbol name                   Address        Size  Align  Type  Bd  Object File
  -------------------------  ----------  ----------  -----  ----  --  -----------
  __SEGGER_init_data__       0x000008CC        [10]      4  Cnst  Lc  [ Linker created ]
  __SEGGER_init_table__      0x000008A8        [36]      4  Cnst  Lc  [ Linker created ]

Read-only data symbols by address:

     Address  Symbol name                      Size  Align  Type  Bd  Object File
  ----------  -------------------------  ----------  -----  ----  --  -----------
  0x000008A8  __SEGGER_init_table__            [36]      4  Cnst  Lc  [ Linker created ]
  0x000008CC  __SEGGER_init_data__             [10]      4  Cnst  Lc  [ Linker created ]

Untyped symbols by name:

  Symbol name                     Value        Size  Align  Type  Bd  Object File
  -------------------------  ----------  ----------  -----  ----  --  -----------
  __CODE_RAM1_segment_end__  0x00820000                     ----  Gb  [ Linker created ]
  __CODE_RAM1_segment_size__
                             0x00020000                     ----  Gb  [ Linker created ]
  __CODE_RAM1_segment_start__
                             0x00800000                     ----  Gb  [ Linker created ]
  __CODE_RAM1_segment_used_end__
                             0x00800000                     ----  Gb  [ Linker created ]
  __CODE_RAM1_segment_used_size__
                             0x00000000                     ----  Gb  [ Linker created ]
  __CODE_RAM1_segment_used_start__
                             0x00800000                     ----  Gb  [ Linker created ]
  __FLASH1_segment_end__     0x00080000                     ----  Gb  [ Linker created ]
  __FLASH1_segment_size__    0x00080000                     ----  Gb  [ Linker created ]
  __FLASH1_segment_start__   0x00000000                     ----  Gb  [ Linker created ]
  __FLASH1_segment_used_end__
                             0x000008FC                     ----  Gb  [ Linker created ]
  __FLASH1_segment_used_size__
                             0x000008FC                     ----  Gb  [ Linker created ]
  __FLASH1_segment_used_start__
                             0x00000000                     ----  Gb  [ Linker created ]
  __FLASH_segment_end__      0x00080000                     ----  Gb  [ Linker created ]
  __FLASH_segment_size__     0x00080000                     ----  Gb  [ Linker created ]
  __FLASH_segment_start__    0x00000000                     ----  Gb  [ Linker created ]
  __FLASH_segment_used_end__
                             0x000008FC                     ----  Gb  [ Linker created ]
  __FLASH_segment_used_size__
                             0x000008FC                     ----  Gb  [ Linker created ]
  __FLASH_segment_used_start__
                             0x00000000                     ----  Gb  [ Linker created ]
  __HEAPSIZE__               0x00000400                     ----  Gb  [ Linker created ]
  __RAM1_segment_end__       0x20020000                     ----  Gb  [ Linker created ]
  __RAM1_segment_size__      0x00020000                     ----  Gb  [ Linker created ]
  __RAM1_segment_start__     0x20000000                     ----  Gb  [ Linker created ]
  __RAM1_segment_used_end__  0x20020000                     ----  Gb  [ Linker created ]
  __RAM1_segment_used_size__
                             0x00020000                     ----  Gb  [ Linker created ]
  __RAM1_segment_used_start__
                             0x20000000                     ----  Gb  [ Linker created ]
  __RAM_segment_end__        0x20020000                     ----  Gb  [ Linker created ]
  __RAM_segment_size__       0x00020000                     ----  Gb  [ Linker created ]
  __RAM_segment_start__      0x20000000                     ----  Gb  [ Linker created ]
  __RAM_segment_used_end__   0x20020000                     ----  Gb  [ Linker created ]
  __RAM_segment_used_size__  0x00020000                     ----  Gb  [ Linker created ]
  __RAM_segment_used_start__
                             0x20000000                     ----  Gb  [ Linker created ]
  __STACKSIZE_PROCESS__      0x00000000                     ----  Gb  [ Linker created ]
  __STACKSIZE__              0x00000800                     ----  Gb  [ Linker created ]
  __ctors_end__              0x00000888                     ----  Gb  [ Linker created ]
  __ctors_start__            0x00000884                     ----  Gb  [ Linker created ]
  __stack_end__              0x20020000                     ----  Gb  [ Linker created ]
  __thread_pointer$          0x00000000                     ----  Gb  [ Linker created ]
  _vectors                   0x00000000       [256]    256  Code  Gb  nrf52833_Vectors.o
  _vectors_end               0x00000100                256  Code  Lc  nrf52833_Vectors.o

Untyped symbols by address:

       Value  Symbol name                      Size  Align  Type  Bd  Object File
  ----------  -------------------------  ----------  -----  ----  --  -----------
  0x00000000  _vectors                        [256]    256  Code  Gb  nrf52833_Vectors.o
  0x00000000  __thread_pointer$                             ----  Gb  [ Linker created ]
  0x00000000  __STACKSIZE_PROCESS__                         ----  Gb  [ Linker created ]
  0x00000000  __FLASH_segment_used_start__
                                                            ----  Gb  [ Linker created ]
  0x00000000  __FLASH_segment_start__                       ----  Gb  [ Linker created ]
  0x00000000  __FLASH1_segment_used_start__
                                                            ----  Gb  [ Linker created ]
  0x00000000  __FLASH1_segment_start__                      ----  Gb  [ Linker created ]
  0x00000000  __CODE_RAM1_segment_used_size__
                                                            ----  Gb  [ Linker created ]
  0x00000100  _vectors_end                             256  Code  Lc  nrf52833_Vectors.o
  0x00000400  __HEAPSIZE__                                  ----  Gb  [ Linker created ]
  0x00000800  __STACKSIZE__                                 ----  Gb  [ Linker created ]
  0x00000884  __ctors_start__                               ----  Gb  [ Linker created ]
  0x00000888  __ctors_end__                                 ----  Gb  [ Linker created ]
  0x000008FC  __FLASH_segment_used_size__
                                                            ----  Gb  [ Linker created ]
  0x000008FC  __FLASH_segment_used_end__
                                                            ----  Gb  [ Linker created ]
  0x000008FC  __FLASH1_segment_used_size__
                                                            ----  Gb  [ Linker created ]
  0x000008FC  __FLASH1_segment_used_end__
                                                            ----  Gb  [ Linker created ]
  0x00020000  __RAM_segment_used_size__                     ----  Gb  [ Linker created ]
  0x00020000  __RAM_segment_size__                          ----  Gb  [ Linker created ]
  0x00020000  __RAM1_segment_used_size__
                                                            ----  Gb  [ Linker created ]
  0x00020000  __RAM1_segment_size__                         ----  Gb  [ Linker created ]
  0x00020000  __CODE_RAM1_segment_size__
                                                            ----  Gb  [ Linker created ]
  0x00080000  __FLASH_segment_size__                        ----  Gb  [ Linker created ]
  0x00080000  __FLASH_segment_end__                         ----  Gb  [ Linker created ]
  0x00080000  __FLASH1_segment_size__                       ----  Gb  [ Linker created ]
  0x00080000  __FLASH1_segment_end__                        ----  Gb  [ Linker created ]
  0x00800000  __CODE_RAM1_segment_used_start__
                                                            ----  Gb  [ Linker created ]
  0x00800000  __CODE_RAM1_segment_used_end__
                                                            ----  Gb  [ Linker created ]
  0x00800000  __CODE_RAM1_segment_start__
                                                            ----  Gb  [ Linker created ]
  0x00820000  __CODE_RAM1_segment_end__                     ----  Gb  [ Linker created ]
  0x20000000  __RAM_segment_used_start__
                                                            ----  Gb  [ Linker created ]
  0x20000000  __RAM_segment_start__                         ----  Gb  [ Linker created ]
  0x20000000  __RAM1_segment_used_start__
                                                            ----  Gb  [ Linker created ]
  0x20000000  __RAM1_segment_start__                        ----  Gb  [ Linker created ]
  0x20020000  __stack_end__                                 ----  Gb  [ Linker created ]
  0x20020000  __RAM_segment_used_end__                      ----  Gb  [ Linker created ]
  0x20020000  __RAM_segment_end__                           ----  Gb  [ Linker created ]
  0x20020000  __RAM1_segment_used_end__                     ----  Gb  [ Linker created ]
  0x20020000  __RAM1_segment_end__                          ----  Gb  [ Linker created ]


***********************************************************************************************
***                                                                                         ***
***                                      LINK SUMMARY                                       ***
***                                                                                         ***
***********************************************************************************************

Memory breakdown:

    2 248 bytes read-only  code    + 
       46 bytes read-only  data    =   2 294 bytes read-only (total)
    2 064 bytes read-write data

Region summary:

  Name        Range                     Size                 Used               Unused       Alignment Loss
  ----------  -----------------  -----------  -------------------  -------------------  -------------------
  FLASH       00000000-0007ffff      524 288        2 298   0.44%      521 990  99.56%            0   0.00%
  RAM         20000000-2001ffff      131 072        2 064   1.57%      129 008  98.43%            0   0.00%

Link complete: 0 errors, 0 warnings, 0 remarks
